#1/24/2019
# review 1/6/2020

10.201.9.79
relational database
client/server architecture
network protocol
file system management
sw lifecycle
TCP/IP, UDP, DHCP, ARP, ICMP,
6/19/19: python: itertool, re, generator; 
9/28/2019

#@@ 1. git
#Setting Up Git
ssqa@ssqa:~/Documents$ git config --global user.name ssqa
ssqa@ssqa:~/Documents$ git config --global user.email sunusd@yahoo.com
ssqa@ssqa:~/Documents$ git config --list

git init
git clone https://github.com/brb45/sampleproject 
git add b_file_op1.py b_file_op2.py
git add .

git rm --cached b_file_op2.py  # reverse add opration
jsun@jsun-mbpw10 MINGW64 ~/Documents/Py_projects (master)
$ git add empty.py

jsun@jsun-mbpw10 MINGW64 ~/Documents/Py_projects (master)
$ git status -s
 m Docker_AWS/Docker_proj_11_26/Docker_AWS/Code/docker-in-aws
 m Docker_AWS/Docker_proj_11_26/Docker_AWS/proj_1/todobackend
A  empty.py

jsun@jsun-mbpw10 MINGW64 ~/Documents/Py_projects (master)
$ git rm --cached empty.py
rm 'empty.py'

jsun@jsun-mbpw10 MINGW64 ~/Documents/Py_projects (master)
$ git status -s
 m Docker_AWS/Docker_proj_11_26/Docker_AWS/Code/docker-in-aws
 m Docker_AWS/Docker_proj_11_26/Docker_AWS/proj_1/todobackend
?? empty.py


git commit -m "b_file_1 draft1" b_file_op1.py
git commit -am "Second Line" 3.txt   # -a , add and commit

git log
git status -s

git branch
git branch demoBranch
git checkout demoBranch
git log --oneline

git clean
git reset
git revert

git remote -v
git remote remove origin
git remote add origin https://github.com/brb45/repo2  

git checkout master
fork

git pull
git diff
git add -A # add all new files to the repository
git add -a -m "message" # commit  with new add files (git add -A)
git push -u origin <branch>
git push

#strace �p <pid> 

jsun@jsun-mbpw10 MINGW64 ~
$ git version
git version 2.16.1.windows.4
git push -u origin master
git pull origin master


##
jsun@jsun-mbpw10 MINGW64 ~/Documents/Py_projects/93xx_QA_files (master)
$ git status
On branch master
Your branch is ahead of 'origin/master' by 4 commits.
  (use "git push" to publish your local commits)

nothing to commit, working tree clean

jsun@jsun-mbpw10 MINGW64 ~/Documents/Py_projects/93xx_QA_files (master)
$ git reset HEAD~4
Unstaged changes after reset:
M       .idea/misc.xml
M       .idea/vcs.xml
M       .idea/workspace.xml
M       file_op/b_file_op1.1.py
M       git_note.txt
D       log_test.py
D       proc_data_1.py

jsun@jsun-mbpw10 MINGW64 ~/Documents/Py_projects/93xx_QA_files (master)
$ git status
On branch master
Your branch is up to date with 'origin/master'.

Changes not staged for commit:
  (use "git add/rm <file>..." to update what will be committed)
  (use "git checkout -- <file>..." to discard changes in working directory)

        modified:   ../.idea/misc.xml
        modified:   ../.idea/vcs.xml
        modified:   ../.idea/workspace.xml
        modified:   ../file_op/b_file_op1.1.py
        modified:   ../git_note.txt
        deleted:    ../log_test.py
        deleted:    ../proc_data_1.py

Untracked files:
  (use "git add <file>..." to include in what will be committed)

        ./
        ../Post Processing/
        ../log_test_std.py
        ../proc_lt_std.py
        ../rest_ex1/

no changes added to commit (use "git add" and/or "git commit -a")

##

To remove folder/directory only from git repository and not from the local try 3 simple commands.
Steps to remove directory

git rm -r --cached FolderName
git commit -m "Removed folder from repository"
git push origin master
##
$ git clone https://github.com/DjangoPatternsBook/superbook2.git
Next, install pipenv system-wide or locally, but outside a virtualenv, 
as recommended in pipenv installation documents. Alternatively, follow these commands:

######@@3. Python


## pytest command
pytest test_name.py
pytest -v
# Running one test item
(env_3.7) C:\Users\jsun\Documents\Py_projects\Pytest_proj\pytest_02\pytest_proj_1>pytest -v tasks\test_four.py::test_asdict
pytest -v tasks\test_four.py::test_asdict
========================================================================================== test session starts ===========================================================================================
platform win32 -- Python 3.7.2, pytest-5.1.2, py-1.8.0, pluggy-0.13.0 -- c:\users\jsun\documents\py_projects\pytest_proj\pytest_02\env_3.7\scripts\python.exe
cachedir: .pytest_cache
rootdir: C:\Users\jsun\Documents\Py_projects\Pytest_proj\pytest_02\pytest_proj_1
collected 1 item

tasks/test_four.py::test_asdict PASSED

##
(env_3.7) C:\Users\jsun\Documents\Py_projects\Pytest_proj\pytest_02\pytest_proj_1>pytest -v tasks\test_four.py::test_asdict  tasks\test_four.py::test_replace
pytest -v tasks\test_four.py::test_asdict  tasks\test_four.py::test_replace
========================================================================================== test session starts ===========================================================================================
platform win32 -- Python 3.7.2, pytest-5.1.2, py-1.8.0, pluggy-0.13.0 -- c:\users\jsun\documents\py_projects\pytest_proj\pytest_02\env_3.7\scripts\python.exe
cachedir: .pytest_cache
rootdir: C:\Users\jsun\Documents\Py_projects\Pytest_proj\pytest_02\pytest_proj_1
collected 2 items

tasks/test_four.py::test_asdict PASSED                                                                                                                                                              [ 50%]
tasks/test_four.py::test_replace PASSED

## Show results tree-like
(env_3.7) C:\Users\jsun\Documents\Py_projects\Pytest_proj\pytest_02\pytest_proj_1>pytest --collect-only
========================================= test session starts =========================================
platform win32 -- Python 3.7.2, pytest-5.1.2, py-1.8.0, pluggy-0.13.0
rootdir: C:\Users\jsun\Documents\Py_projects\Pytest_proj\pytest_02\pytest_proj_1
collected 7 items
<Module one_test.py>
  <Function test_passing>
<Module test_one.py>
  <Function test_passing>
<Module test_two.py>
  <Function test_failing>
<Module tasks/test_four.py>
  <Function test_asdict>
  <Function test_replace>
<Module tasks/test_three.py>
  <Function test_defaults>
  <Function test_member_access>

##
pytest  -k "asdict or defaults" --collect-only

##
(env_3.7) C:\Users\jsun\Documents\Py_projects\Pytest_proj\pytest_02\pytest_proj_1>pytest -v -m run_these_please
pytest -v -m run_these_please
========================================================================================== test session starts ===========================================================================================
platform win32 -- Python 3.7.2, pytest-5.1.2, py-1.8.0, pluggy-0.13.0 -- c:\users\jsun\documents\py_projects\pytest_proj\pytest_02\env_3.7\scripts\python.exe
cachedir: .pytest_cache
rootdir: C:\Users\jsun\Documents\Py_projects\Pytest_proj\pytest_02\pytest_proj_1
collected 7 items / 6 deselected / 1 selected

tasks/test_four.py::test_asdict PASSED

## skip the rest if fail
pytest -x

## turn off stack - trace
pytest -v --tb=no
pytest --maxfail=1 --tb=no

## output print statement
pytest --capture=no
pytest -s

## Run last failed test
pytest --lf

## run the first failed and the rest.
pytest --ff
C:\Program Files\MongoDB\Server\4.2\data\
## pip local install
(env_3.7) C:\Users\jsun\Documents\Py_projects\Pytest_proj\pytest_02\code\tasks_proj>pip install .
Processing c:\users\jsun\documents\py_projects\pytest_proj\pytest_02\code\tasks_proj
Requirement already satisfied: click in c:\users\jsun\documents\py_projects\pytest_proj\pytest_02\env_3.7\lib\site-packages (from tasks==0.1.0) (7.0)
Requirement already satisfied: tinydb in c:\users\jsun\documents\py_projects\pytest_proj\pytest_02\env_3.7\lib\site-packages (from tasks==0.1.0) (3.14.1)
Requirement already satisfied: six in c:\users\jsun\documents\py_projects\pytest_proj\pytest_02\env_3.7\lib\site-packages (from tasks==0.1.0) (1.12.0)
Installing collected packages: tasks
  Running setup.py install for tasks ... done
Successfully installed tasks-0.1.0
## Run a selective tests using -k expression
pytest -v -k "_raises and not delete"


##
pytest -v test_add.py -k valid_id
## Run to show fixture process
pytest --setup-show test_add.py -k valid_
##
(env_3.7) C:\Users\jsun\Documents\Py_projects\Pytest_proj\pytest_02\pytest_proj_3\tasks_proj\tests\func>pytest -v --setup-show test_add.py -k valid_id
================================================================================ test session starts ================================================================================
platform win32 -- Python 3.7.2, pytest-5.1.2, py-1.8.0, pluggy-0.13.0 -- c:\users\jsun\documents\py_projects\pytest_proj\pytest_02\env_3.7\scripts\python.exe
cachedir: .pytest_cache
rootdir: C:\Users\jsun\Documents\Py_projects\Pytest_proj\pytest_02\pytest_proj_3\tasks_proj\tests, inifile: pytest.ini
collected 3 items / 2 deselected / 1 selected

test_add.py::test_add_returns_valid_id
SETUP    S tmp_path_factory
        SETUP    F tmp_path (fixtures used: tmp_path_factory)
        SETUP    F tmpdir (fixtures used: tmp_path)
        SETUP    F tasks_db (fixtures used: tmpdir)
        func/test_add.py::test_add_returns_valid_id (fixtures used: tasks_db, tmp_path, tmp_path_factory, tmpdir)PASSED
        TEARDOWN F tasks_db
        TEARDOWN F tmpdir
        TEARDOWN F tmp_path
TEARDOWN S tmp_path_factory

####
INSTALL FROM A LOCAL DIRECTORY
You can keep a local stash of plugins (and other Python packages) in a local or shared directory in .tar.gz or .whl format 
and use that instead of PyPI for installing plugins:

mkdir?? ??some_plugins?
cp pytest_cov-2.4.0-py2.py3-none-any.whl some_plugins/
pip install --no-index --find-links=./some_plugins/ pytest-cov
The --no-index tells pip to not connect to PyPI. The --find-links=./some_plugins/ tells pip to look in the directory called some_plugins. 

#### Note that with the local directory install method, you can install multiple versions and specify which version you want by adding == and the version number:
pip install --no-index --find-links=./some_plugins/ pytest-cov==2.4.0

### Install From A Git Repository
pip install git+https://github.com/pytest-dev/pytest-cov@v2.4.0
# specify a branch
pip install git+https://github.com/pytest-dev/pytest-cov@master

### Create your own plugin
###In this section, we�ll develop a small modification to pytest behavior, package it as a plugin, test it, and look into how to distribute it.

###Plugins can include hook functions that alter pytest�s behavior.



jsun@jsun-mbpw10 MINGW64 ~
$ git help

start a working area (see also: git help tutorial)
   clone      Clone a repository into a new directory
   init       Create an empty Git repository or reinitialize an existing one

work on the current change (see also: git help everyday)
   add        Add file contents to the index
   mv         Move or rename a file, a directory, or a symlink
   reset      Reset current HEAD to the specified state
   rm         Remove files from the working tree and from the index

examine the history and state (see also: git help revisions)
   bisect     Use binary search to find the commit that introduced a bug
   grep       Print lines matching a pattern
   log        Show commit logs
   show       Show various types of objects
   status     Show the working tree status

grow, mark and tweak your common history
   branch     List, create, or delete branches
   checkout   Switch branches or restore working tree files
   commit     Record changes to the repository
   diff       Show changes between commits, commit and working tree, etc
   merge      Join two or more development histories together
   rebase     Reapply commits on top of another base tip
   tag        Create, list, delete or verify a tag object signed with GPG

collaborate (see also: git help workflows)
   fetch      Download objects and refs from another repository
   pull       Fetch from and integrate with another repository or a local bra
nch
   push       Update remote refs along with associated objects



jsun@jsun-mbpw10 MINGW64 ~
$ git help add

jsun@jsun-mbpw10 MINGW64 ~/Documents
$ ls | grep py
Py_QA/                          pysql/
pyProjects/                     Python Operator Precedence.pdf

 

jsun@jsun-mbpw10 MINGW64 ~/Documents
$ mkdir git_repo

jsun@jsun-mbpw10 MINGW64 ~/Documents
$ ls | grep git
git_repo/

jsun@jsun-mbpw10 MINGW64 ~/Documents
$ cd git_repo/

jsun@jsun-mbpw10 MINGW64 ~/Documents/git_repo
$ mkdir test1

jsun@jsun-mbpw10 MINGW64 ~/Documents/git_repo
$ cd test1/

jsun@jsun-mbpw10 MINGW64 ~/Documents/git_repo/test1
$ git init
Initialized empty Git repository in C:/Users/jsun/Documents/git_repo/test1/.g
it/

jsun@jsun-mbpw10 MINGW64 ~/Documents/git_repo/test1 (master)
$ ls -al
total 0
drwxr-xr-x 1 jsun 1049089 0 Jan  7 11:53 ./
drwxr-xr-x 1 jsun 1049089 0 Jan  7 11:53 ../
drwxr-xr-x 1 jsun 1049089 0 Jan  7 11:53 .git/

jsun@jsun-mbpw10 MINGW64 ~/Documents/git_repo/test1 (master)
$ mkdir temp1

jsun@jsun-mbpw10 MINGW64 ~/Documents/git_repo/test1 (master)
$ ls -al
total 14
drwxr-xr-x 1 jsun 1049089    0 Jan  7 13:43 ./
drwxr-xr-x 1 jsun 1049089    0 Jan  7 11:53 ../
drwxr-xr-x 1 jsun 1049089    0 Jan  7 11:53 .git/
-rw-r--r-- 1 jsun 1049089 1686 Aug 29 18:25 b_file_op1.py
-rw-r--r-- 1 jsun 1049089 1772 Aug 30 13:33 b_file_op2.py
-rw-r--r-- 1 jsun 1049089 1089 Aug 29 13:15 b_file_op3.py
-rw-r--r-- 1 jsun 1049089  669 Aug 29 18:45 b_file_op4.py
-rw-r--r-- 1 jsun 1049089 1673 Nov  7 22:09 b_file_op5.py
-rw-r--r-- 1 jsun 1049089 1733 Aug 30 00:19 b_file_op6.py
-rw-r--r-- 1 jsun 1049089 2704 Aug 30 17:01 b_file_op7.py
drwxr-xr-x 1 jsun 1049089    0 Jan  7 13:43 temp1/

jsun@jsun-mbpw10 MINGW64 ~/Documents/git_repo
$ mkdir test2

jsun@jsun-mbpw10 MINGW64 ~/Documents/git_repo
$ cp test1/*.py test2/

jsun@jsun-mbpw10 MINGW64 ~/Documents/git_repo
$ cd test2

jsun@jsun-mbpw10 MINGW64 ~/Documents/git_repo/test2
$ ls -al
total 14
drwxr-xr-x 1 jsun 1049089    0 Jan  7 13:45 ./
drwxr-xr-x 1 jsun 1049089    0 Jan  7 13:44 ../
-rw-r--r-- 1 jsun 1049089 1686 Jan  7 13:45 b_file_op1.py
-rw-r--r-- 1 jsun 1049089 1772 Jan  7 13:45 b_file_op2.py
-rw-r--r-- 1 jsun 1049089 1089 Jan  7 13:45 b_file_op3.py
-rw-r--r-- 1 jsun 1049089  669 Jan  7 13:45 b_file_op4.py
-rw-r--r-- 1 jsun 1049089 1673 Jan  7 13:45 b_file_op5.py
-rw-r--r-- 1 jsun 1049089 1733 Jan  7 13:45 b_file_op6.py
-rw-r--r-- 1 jsun 1049089 2704 Jan  7 13:45 b_file_op7.py

jsun@jsun-mbpw10 MINGW64 ~/Documents/git_repo/test2
$ pwd
/c/Users/jsun/Documents/git_repo/test2

jsun@jsun-mbpw10 MINGW64 ~/Documents/git_repo/test2
$ git init
Initialized empty Git repository in C:/Users/jsun/Documents/git_repo/test2/.g
it/

jsun@jsun-mbpw10 MINGW64 ~/Documents/git_repo/test2 (master)
$ ls -al
total 14
drwxr-xr-x 1 jsun 1049089    0 Jan  7 13:46 ./
drwxr-xr-x 1 jsun 1049089    0 Jan  7 13:44 ../
drwxr-xr-x 1 jsun 1049089    0 Jan  7 13:46 .git/
-rw-r--r-- 1 jsun 1049089 1686 Jan  7 13:45 b_file_op1.py
-rw-r--r-- 1 jsun 1049089 1772 Jan  7 13:45 b_file_op2.py
-rw-r--r-- 1 jsun 1049089 1089 Jan  7 13:45 b_file_op3.py
-rw-r--r-- 1 jsun 1049089  669 Jan  7 13:45 b_file_op4.py
-rw-r--r-- 1 jsun 1049089 1673 Jan  7 13:45 b_file_op5.py
-rw-r--r-- 1 jsun 1049089 1733 Jan  7 13:45 b_file_op6.py
-rw-r--r-- 1 jsun 1049089 2704 Jan  7 13:45 b_file_op7.py

#####6.
#SQLAlchemy
#RabbitMQ
#Redis


#####7.
__________________________________________________________________________________
jsun@jsun-mbpw10 MINGW64 ~/Documents/git_repo
$ mkdir test3

jsun@jsun-mbpw10 MINGW64 ~/Documents/git_repo
$ cd test3

jsun@jsun-mbpw10 MINGW64 ~/Documents/git_repo/test3
$ ls -al
total 0
drwxr-xr-x 1 jsun 1049089 0 Jan  7 14:08 ./
drwxr-xr-x 1 jsun 1049089 0 Jan  7 14:08 ../


jsun@jsun-mbpw10 MINGW64 ~/Documents/git_repo/test3
$ git clone https://github.com/brb45/sampleproject
Cloning into 'sampleproject'...
remote: Enumerating objects: 12, done.
remote: Counting objects: 100% (12/12), done.
remote: Compressing objects: 100% (12/12), done.
Receiving objectsremote: Total 348 (delta 3), reused 3 (delta 0), pack-reused
Receiving objects: 100% (348/348), 82.45 KiB | 6.34 MiB/s, done.

Resolving deltas: 100% (169/169), done.

jsun@jsun-mbpw10 MINGW64 ~/Documents/git_repo/test3
$ ls -al
total 0
drwxr-xr-x 1 jsun 1049089 0 Jan  7 14:09 ./
drwxr-xr-x 1 jsun 1049089 0 Jan  7 14:08 ../
drwxr-xr-x 1 jsun 1049089 0 Jan  7 14:09 sampleproject/
__________________________________________________________________________________

jsun@jsun-mbpw10 MINGW64 ~/Documents/git_repo/test3
$ ls -al sampleproject/
total 22
drwxr-xr-x 1 jsun 1049089    0 Jan  7 14:09 ./
drwxr-xr-x 1 jsun 1049089    0 Jan  7 14:09 ../
drwxr-xr-x 1 jsun 1049089    0 Jan  7 14:09 .git/
-rw-r--r-- 1 jsun 1049089  145 Jan  7 14:09 .gitignore
-rw-r--r-- 1 jsun 1049089  420 Jan  7 14:09 .travis.yml
drwxr-xr-x 1 jsun 1049089    0 Jan  7 14:09 data/
-rw-r--r-- 1 jsun 1049089 1100 Jan  7 14:09 LICENSE.txt
-rw-r--r-- 1 jsun 1049089  141 Jan  7 14:09 MANIFEST.in
-rw-r--r-- 1 jsun 1049089 1742 Jan  7 14:09 README.md
drwxr-xr-x 1 jsun 1049089    0 Jan  7 14:09 sample/
-rw-r--r-- 1 jsun 1049089  677 Jan  7 14:09 setup.cfg
-rw-r--r-- 1 jsun 1049089 8501 Jan  7 14:09 setup.py
drwxr-xr-x 1 jsun 1049089    0 Jan  7 14:09 tests/
-rw-r--r-- 1 jsun 1049089 1191 Jan  7 14:09 tox.ini

jsun@jsun-mbpw10 MINGW64 ~/Documents/git_repo/test3
$ cd sampleproject/

jsun@jsun-mbpw10 MINGW64 ~/Documents/git_repo/test3/sampleproject (master)
$ ls
data/  LICENSE.txt  MANIFEST.in  README.md  sample/  setup.cfg  setup.py  tests/  tox.ini

jsun@jsun-mbpw10 MINGW64 ~/Documents/git_repo/test3/sampleproject (master)
$ git status
On branch master
Your branch is up to date with 'origin/master'.

nothing to commit, working tree clean

##
jsun@jsun-mbpw10 MINGW64 ~/Documents/git_repo
$ mkdir test4

jsun@jsun-mbpw10 MINGW64 ~/Documents/git_repo
$ cd test4

jsun@jsun-mbpw10 MINGW64 ~/Documents/git_repo/test4
$ touch 1.txt 2.txt 3 txt 4.txt

jsun@jsun-mbpw10 MINGW64 ~/Documents/git_repo/test4
$ ls
1.txt  2.txt  3  4.txt  txt

jsun@jsun-mbpw10 MINGW64 ~/Documents/git_repo/test4
$ git status -s
fatal: Not a git repository (or any of the parent directories): .git

jsun@jsun-mbpw10 MINGW64 ~/Documents/git_repo/test4
$ git init
Initialized empty Git repository in C:/Users/jsun/Documents/git_repo/test4/.git/

jsun@jsun-mbpw10 MINGW64 ~/Documents/git_repo/test4 (master)
$ git status -s
?? 1.txt
?? 2.txt
?? 3
?? 4.txt
?? txt

##
jsun@jsun-mbpw10 MINGW64 ~/Documents/git_repo/test3
$ ls
sampleproject/

jsun@jsun-mbpw10 MINGW64 ~/Documents/git_repo/test3
$ git status
fatal: Not a git repository (or any of the parent directories): .git

jsun@jsun-mbpw10 MINGW64 ~/Documents/git_repo/test3
$ cd ..

jsun@jsun-mbpw10 MINGW64 ~/Documents/git_repo
$ cd test1

jsun@jsun-mbpw10 MINGW64 ~/Documents/git_repo/test1 (master)
$ git status
On branch master

No commits yet

Untracked files:
  (use "git add <file>..." to include in what will be committed)

        b_file_op1.py
        b_file_op2.py
        b_file_op3.py
        b_file_op4.py
        b_file_op5.py
        b_file_op6.py
        b_file_op7.py

nothing added to commit but untracked files present (use "git add" to track)

jsun@jsun-mbpw10 MINGW64 ~/Documents/git_repo/test1 (master)
$ cd ../test2

jsun@jsun-mbpw10 MINGW64 ~/Documents/git_repo/test2 (master)
$ git status
On branch master

No commits yet

Untracked files:
  (use "git add <file>..." to include in what will be committed)

        b_file_op1.py
        b_file_op2.py
        b_file_op3.py
        b_file_op4.py
        b_file_op5.py
        b_file_op6.py
        b_file_op7.py

nothing added to commit but untracked files present (use "git add" to track)

jsun@jsun-mbpw10 MINGW64 ~/Documents/git_repo/test2 (master)
$ cd ..

jsun@jsun-mbpw10 MINGW64 ~/Documents/git_repo
$ ls
note.txt  test1/  test2/  test3/

jsun@jsun-mbpw10 MINGW64 ~/Documents/git_repo
$ ls -r
test3/  test2/  test1/  note.txt

jsun@jsun-mbpw10 MINGW64 ~/Documents/git_repo
$ ls -ral
total 33
drwxr-xr-x 1 jsun 1049089  0 Jan  7 14:09 test3/
drwxr-xr-x 1 jsun 1049089  0 Jan  7 13:46 test2/
drwxr-xr-x 1 jsun 1049089  0 Jan  7 13:43 test1/
-rw-r--r-- 1 jsun 1049089 59 Jan  7 14:18 note.txt
drwxr-xr-x 1 jsun 1049089  0 Jan  7 13:14 ../
drwxr-xr-x 1 jsun 1049089  0 Jan  7 14:17 ./

 
jsun@jsun-mbpw10 MINGW64 ~/Documents/git_repo
$ ls -L
note.txt  test1/  test2/  test3/

jsun@jsun-mbpw10 MINGW64 ~/Documents/git_repo
$ ls -LR
.:
note.txt  test1/  test2/  test3/

./test1:
b_file_op1.py  b_file_op2.py  b_file_op3.py  b_file_op4.py  b_file_op5.py  b_file_op6.py  b_file_op7.py  temp1/

./test1/temp1:

./test2:
b_file_op1.py  b_file_op2.py  b_file_op3.py  b_file_op4.py  b_file_op5.py  b_file_op6.py  b_file_op7.py

./test3:
sampleproject/

./test3/sampleproject:
data/  LICENSE.txt  MANIFEST.in  README.md  sample/  setup.cfg  setup.py  tests/  tox.ini

./test3/sampleproject/data:
data_file

./test3/sampleproject/sample:
__init__.py  package_data.dat

./test3/sampleproject/tests:
__init__.py  test_simple.py

jsun@jsun-mbpw10 MINGW64 ~/Documents/git_repo
$ ls -R
.:
note.txt  test1/  test2/  test3/

./test1:
b_file_op1.py  b_file_op2.py  b_file_op3.py  b_file_op4.py  b_file_op5.py  b_file_op6.py  b_file_op7.py  temp1/

./test1/temp1:

./test2:
b_file_op1.py  b_file_op2.py  b_file_op3.py  b_file_op4.py  b_file_op5.py  b_file_op6.py  b_file_op7.py

./test3:
sampleproject/

./test3/sampleproject:
data/  LICENSE.txt  MANIFEST.in  README.md  sample/  setup.cfg  setup.py  tests/  tox.ini

./test3/sampleproject/data:
data_file

./test3/sampleproject/sample:
__init__.py  package_data.dat

./test3/sampleproject/tests:
__init__.py  test_simple.py

jsun@jsun-mbpw10 MINGW64 ~/Documents/git_repo
$ clear


jsun@jsun-mbpw10 MINGW64 ~/Documents/git_repo
$ ls -r
test3/  test2/  test1/  note.txt

jsun@jsun-mbpw10 MINGW64 ~/Documents/git_repo
$ ls -R
.:
note.txt  test1/  test2/  test3/

./test1:
b_file_op1.py  b_file_op2.py  b_file_op3.py  b_file_op4.py  b_file_op5.py  b_file_op6.py  b_file_op7.py  temp1/

./test1/temp1:

./test2:
b_file_op1.py  b_file_op2.py  b_file_op3.py  b_file_op4.py  b_file_op5.py  b_file_op6.py  b_file_op7.py

./test3:
sampleproject/

./test3/sampleproject:
data/  LICENSE.txt  MANIFEST.in  README.md  sample/  setup.cfg  setup.py  tests/  tox.ini

./test3/sampleproject/data:
data_file

./test3/sampleproject/sample:
__init__.py  package_data.dat

./test3/sampleproject/tests:
__init__.py  test_simple.py

jsun@jsun-mbpw10 MINGW64 ~/Documents/git_repo
$ ls -aRl
.:
total 33
drwxr-xr-x 1 jsun 1049089  0 Jan  7 14:17 ./
drwxr-xr-x 1 jsun 1049089  0 Jan  7 13:14 ../
-rw-r--r-- 1 jsun 1049089 59 Jan  7 14:18 note.txt
drwxr-xr-x 1 jsun 1049089  0 Jan  7 13:43 test1/
drwxr-xr-x 1 jsun 1049089  0 Jan  7 13:46 test2/
drwxr-xr-x 1 jsun 1049089  0 Jan  7 14:09 test3/

./test1:
total 14
drwxr-xr-x 1 jsun 1049089    0 Jan  7 13:43 ./
drwxr-xr-x 1 jsun 1049089    0 Jan  7 14:17 ../
drwxr-xr-x 1 jsun 1049089    0 Jan  7 14:29 .git/
-rw-r--r-- 1 jsun 1049089 1686 Aug 29 18:25 b_file_op1.py
-rw-r--r-- 1 jsun 1049089 1772 Aug 30 13:33 b_file_op2.py
-rw-r--r-- 1 jsun 1049089 1089 Aug 29 13:15 b_file_op3.py
-rw-r--r-- 1 jsun 1049089  669 Aug 29 18:45 b_file_op4.py
-rw-r--r-- 1 jsun 1049089 1673 Nov  7 22:09 b_file_op5.py
-rw-r--r-- 1 jsun 1049089 1733 Aug 30 00:19 b_file_op6.py
-rw-r--r-- 1 jsun 1049089 2704 Aug 30 17:01 b_file_op7.py
drwxr-xr-x 1 jsun 1049089    0 Jan  7 13:43 temp1/

./test1/.git:
total 3
drwxr-xr-x 1 jsun 1049089   0 Jan  7 14:29 ./
drwxr-xr-x 1 jsun 1049089   0 Jan  7 13:43 ../
-rw-r--r-- 1 jsun 1049089 130 Jan  7 11:53 config
-rw-r--r-- 1 jsun 1049089  73 Jan  7 11:53 description
-rw-r--r-- 1 jsun 1049089  23 Jan  7 11:53 HEAD
drwxr-xr-x 1 jsun 1049089   0 Jan  7 11:53 hooks/
drwxr-xr-x 1 jsun 1049089   0 Jan  7 11:53 info/
drwxr-xr-x 1 jsun 1049089   0 Jan  7 11:53 objects/
drwxr-xr-x 1 jsun 1049089   0 Jan  7 11:53 refs/

./test1/.git/hooks:
total 27
drwxr-xr-x 1 jsun 1049089    0 Jan  7 11:53 ./
drwxr-xr-x 1 jsun 1049089    0 Jan  7 14:29 ../
-rwxr-xr-x 1 jsun 1049089  478 Jan  7 11:53 applypatch-msg.sample*
-rwxr-xr-x 1 jsun 1049089  896 Jan  7 11:53 commit-msg.sample*
-rwxr-xr-x 1 jsun 1049089 3327 Jan  7 11:53 fsmonitor-watchman.sample*
-rwxr-xr-x 1 jsun 1049089  189 Jan  7 11:53 post-update.sample*
-rwxr-xr-x 1 jsun 1049089  424 Jan  7 11:53 pre-applypatch.sample*
-rwxr-xr-x 1 jsun 1049089 1642 Jan  7 11:53 pre-commit.sample*
-rwxr-xr-x 1 jsun 1049089 1492 Jan  7 11:53 prepare-commit-msg.sample*
-rwxr-xr-x 1 jsun 1049089 1348 Jan  7 11:53 pre-push.sample*
-rwxr-xr-x 1 jsun 1049089 4898 Jan  7 11:53 pre-rebase.sample*
-rwxr-xr-x 1 jsun 1049089  544 Jan  7 11:53 pre-receive.sample*
-rwxr-xr-x 1 jsun 1049089 3610 Jan  7 11:53 update.sample*

./test1/.git/info:
total 1
drwxr-xr-x 1 jsun 1049089   0 Jan  7 11:53 ./
drwxr-xr-x 1 jsun 1049089   0 Jan  7 14:29 ../
-rw-r--r-- 1 jsun 1049089 240 Jan  7 11:53 exclude

./test1/.git/objects:
total 0
drwxr-xr-x 1 jsun 1049089 0 Jan  7 11:53 ./
drwxr-xr-x 1 jsun 1049089 0 Jan  7 14:29 ../
drwxr-xr-x 1 jsun 1049089 0 Jan  7 11:53 info/
drwxr-xr-x 1 jsun 1049089 0 Jan  7 11:53 pack/

./test1/.git/objects/info:
total 0
drwxr-xr-x 1 jsun 1049089 0 Jan  7 11:53 ./
drwxr-xr-x 1 jsun 1049089 0 Jan  7 11:53 ../

./test1/.git/objects/pack:
total 0
drwxr-xr-x 1 jsun 1049089 0 Jan  7 11:53 ./
drwxr-xr-x 1 jsun 1049089 0 Jan  7 11:53 ../

./test1/.git/refs:
total 0
drwxr-xr-x 1 jsun 1049089 0 Jan  7 11:53 ./
drwxr-xr-x 1 jsun 1049089 0 Jan  7 14:29 ../
drwxr-xr-x 1 jsun 1049089 0 Jan  7 11:53 heads/
drwxr-xr-x 1 jsun 1049089 0 Jan  7 11:53 tags/

./test1/.git/refs/heads:
total 0
drwxr-xr-x 1 jsun 1049089 0 Jan  7 11:53 ./
drwxr-xr-x 1 jsun 1049089 0 Jan  7 11:53 ../

./test1/.git/refs/tags:
total 0
drwxr-xr-x 1 jsun 1049089 0 Jan  7 11:53 ./
drwxr-xr-x 1 jsun 1049089 0 Jan  7 11:53 ../

./test1/temp1:
total 0
drwxr-xr-x 1 jsun 1049089 0 Jan  7 13:43 ./
drwxr-xr-x 1 jsun 1049089 0 Jan  7 13:43 ../

./test2:
total 14
drwxr-xr-x 1 jsun 1049089    0 Jan  7 13:46 ./
drwxr-xr-x 1 jsun 1049089    0 Jan  7 14:17 ../
drwxr-xr-x 1 jsun 1049089    0 Jan  7 14:30 .git/
-rw-r--r-- 1 jsun 1049089 1686 Jan  7 13:45 b_file_op1.py
-rw-r--r-- 1 jsun 1049089 1772 Jan  7 13:45 b_file_op2.py
-rw-r--r-- 1 jsun 1049089 1089 Jan  7 13:45 b_file_op3.py
-rw-r--r-- 1 jsun 1049089  669 Jan  7 13:45 b_file_op4.py
-rw-r--r-- 1 jsun 1049089 1673 Jan  7 13:45 b_file_op5.py
-rw-r--r-- 1 jsun 1049089 1733 Jan  7 13:45 b_file_op6.py
-rw-r--r-- 1 jsun 1049089 2704 Jan  7 13:45 b_file_op7.py

./test2/.git:
total 3
drwxr-xr-x 1 jsun 1049089   0 Jan  7 14:30 ./
drwxr-xr-x 1 jsun 1049089   0 Jan  7 13:46 ../
-rw-r--r-- 1 jsun 1049089 130 Jan  7 13:46 config
-rw-r--r-- 1 jsun 1049089  73 Jan  7 13:46 description
-rw-r--r-- 1 jsun 1049089  23 Jan  7 13:46 HEAD
drwxr-xr-x 1 jsun 1049089   0 Jan  7 13:46 hooks/
drwxr-xr-x 1 jsun 1049089   0 Jan  7 13:46 info/
drwxr-xr-x 1 jsun 1049089   0 Jan  7 13:46 objects/
drwxr-xr-x 1 jsun 1049089   0 Jan  7 13:46 refs/

./test2/.git/hooks:
total 27
drwxr-xr-x 1 jsun 1049089    0 Jan  7 13:46 ./
drwxr-xr-x 1 jsun 1049089    0 Jan  7 14:30 ../
-rwxr-xr-x 1 jsun 1049089  478 Jan  7 13:46 applypatch-msg.sample*
-rwxr-xr-x 1 jsun 1049089  896 Jan  7 13:46 commit-msg.sample*
-rwxr-xr-x 1 jsun 1049089 3327 Jan  7 13:46 fsmonitor-watchman.sample*
-rwxr-xr-x 1 jsun 1049089  189 Jan  7 13:46 post-update.sample*
-rwxr-xr-x 1 jsun 1049089  424 Jan  7 13:46 pre-applypatch.sample*
-rwxr-xr-x 1 jsun 1049089 1642 Jan  7 13:46 pre-commit.sample*
-rwxr-xr-x 1 jsun 1049089 1492 Jan  7 13:46 prepare-commit-msg.sample*
-rwxr-xr-x 1 jsun 1049089 1348 Jan  7 13:46 pre-push.sample*
-rwxr-xr-x 1 jsun 1049089 4898 Jan  7 13:46 pre-rebase.sample*
-rwxr-xr-x 1 jsun 1049089  544 Jan  7 13:46 pre-receive.sample*
-rwxr-xr-x 1 jsun 1049089 3610 Jan  7 13:46 update.sample*

./test2/.git/info:
total 1
drwxr-xr-x 1 jsun 1049089   0 Jan  7 13:46 ./
drwxr-xr-x 1 jsun 1049089   0 Jan  7 14:30 ../
-rw-r--r-- 1 jsun 1049089 240 Jan  7 13:46 exclude

./test2/.git/objects:
total 0
drwxr-xr-x 1 jsun 1049089 0 Jan  7 13:46 ./
drwxr-xr-x 1 jsun 1049089 0 Jan  7 14:30 ../
drwxr-xr-x 1 jsun 1049089 0 Jan  7 13:46 info/
drwxr-xr-x 1 jsun 1049089 0 Jan  7 13:46 pack/

./test2/.git/objects/info:
total 0
drwxr-xr-x 1 jsun 1049089 0 Jan  7 13:46 ./
drwxr-xr-x 1 jsun 1049089 0 Jan  7 13:46 ../

./test2/.git/objects/pack:
total 0
drwxr-xr-x 1 jsun 1049089 0 Jan  7 13:46 ./
drwxr-xr-x 1 jsun 1049089 0 Jan  7 13:46 ../

./test2/.git/refs:
total 0
drwxr-xr-x 1 jsun 1049089 0 Jan  7 13:46 ./
drwxr-xr-x 1 jsun 1049089 0 Jan  7 14:30 ../
drwxr-xr-x 1 jsun 1049089 0 Jan  7 13:46 heads/
drwxr-xr-x 1 jsun 1049089 0 Jan  7 13:46 tags/

./test2/.git/refs/heads:
total 0
drwxr-xr-x 1 jsun 1049089 0 Jan  7 13:46 ./
drwxr-xr-x 1 jsun 1049089 0 Jan  7 13:46 ../

./test2/.git/refs/tags:
total 0
drwxr-xr-x 1 jsun 1049089 0 Jan  7 13:46 ./
drwxr-xr-x 1 jsun 1049089 0 Jan  7 13:46 ../

./test3:
total 0
drwxr-xr-x 1 jsun 1049089 0 Jan  7 14:09 ./
drwxr-xr-x 1 jsun 1049089 0 Jan  7 14:17 ../
drwxr-xr-x 1 jsun 1049089 0 Jan  7 14:09 sampleproject/

./test3/sampleproject:
total 22
drwxr-xr-x 1 jsun 1049089    0 Jan  7 14:09 ./
drwxr-xr-x 1 jsun 1049089    0 Jan  7 14:09 ../
drwxr-xr-x 1 jsun 1049089    0 Jan  7 14:29 .git/
-rw-r--r-- 1 jsun 1049089  145 Jan  7 14:09 .gitignore
-rw-r--r-- 1 jsun 1049089  420 Jan  7 14:09 .travis.yml
drwxr-xr-x 1 jsun 1049089    0 Jan  7 14:09 data/
-rw-r--r-- 1 jsun 1049089 1100 Jan  7 14:09 LICENSE.txt
-rw-r--r-- 1 jsun 1049089  141 Jan  7 14:09 MANIFEST.in
-rw-r--r-- 1 jsun 1049089 1742 Jan  7 14:09 README.md
drwxr-xr-x 1 jsun 1049089    0 Jan  7 14:09 sample/
-rw-r--r-- 1 jsun 1049089  677 Jan  7 14:09 setup.cfg
-rw-r--r-- 1 jsun 1049089 8501 Jan  7 14:09 setup.py
drwxr-xr-x 1 jsun 1049089    0 Jan  7 14:09 tests/
-rw-r--r-- 1 jsun 1049089 1191 Jan  7 14:09 tox.ini

./test3/sampleproject/.git:
total 6
drwxr-xr-x 1 jsun 1049089    0 Jan  7 14:29 ./
drwxr-xr-x 1 jsun 1049089    0 Jan  7 14:09 ../
-rw-r--r-- 1 jsun 1049089  301 Jan  7 14:09 config
-rw-r--r-- 1 jsun 1049089   73 Jan  7 14:09 description
-rw-r--r-- 1 jsun 1049089   23 Jan  7 14:09 HEAD
drwxr-xr-x 1 jsun 1049089    0 Jan  7 14:09 hooks/
-rw-r--r-- 1 jsun 1049089 1188 Jan  7 14:29 index
drwxr-xr-x 1 jsun 1049089    0 Jan  7 14:09 info/
drwxr-xr-x 1 jsun 1049089    0 Jan  7 14:09 logs/
drwxr-xr-x 1 jsun 1049089    0 Jan  7 14:09 objects/
-rw-r--r-- 1 jsun 1049089  114 Jan  7 14:09 packed-refs
drwxr-xr-x 1 jsun 1049089    0 Jan  7 14:09 refs/

./test3/sampleproject/.git/hooks:
total 27
drwxr-xr-x 1 jsun 1049089    0 Jan  7 14:09 ./
drwxr-xr-x 1 jsun 1049089    0 Jan  7 14:29 ../
-rwxr-xr-x 1 jsun 1049089  478 Jan  7 14:09 applypatch-msg.sample*
-rwxr-xr-x 1 jsun 1049089  896 Jan  7 14:09 commit-msg.sample*
-rwxr-xr-x 1 jsun 1049089 3327 Jan  7 14:09 fsmonitor-watchman.sample*
-rwxr-xr-x 1 jsun 1049089  189 Jan  7 14:09 post-update.sample*
-rwxr-xr-x 1 jsun 1049089  424 Jan  7 14:09 pre-applypatch.sample*
-rwxr-xr-x 1 jsun 1049089 1642 Jan  7 14:09 pre-commit.sample*
-rwxr-xr-x 1 jsun 1049089 1492 Jan  7 14:09 prepare-commit-msg.sample*
-rwxr-xr-x 1 jsun 1049089 1348 Jan  7 14:09 pre-push.sample*
-rwxr-xr-x 1 jsun 1049089 4898 Jan  7 14:09 pre-rebase.sample*
-rwxr-xr-x 1 jsun 1049089  544 Jan  7 14:09 pre-receive.sample*
-rwxr-xr-x 1 jsun 1049089 3610 Jan  7 14:09 update.sample*

./test3/sampleproject/.git/info:
total 1
drwxr-xr-x 1 jsun 1049089   0 Jan  7 14:09 ./
drwxr-xr-x 1 jsun 1049089   0 Jan  7 14:29 ../
-rw-r--r-- 1 jsun 1049089 240 Jan  7 14:09 exclude

./test3/sampleproject/.git/logs:
total 1
drwxr-xr-x 1 jsun 1049089   0 Jan  7 14:09 ./
drwxr-xr-x 1 jsun 1049089   0 Jan  7 14:29 ../
-rw-r--r-- 1 jsun 1049089 175 Jan  7 14:09 HEAD
drwxr-xr-x 1 jsun 1049089   0 Jan  7 14:09 refs/

./test3/sampleproject/.git/logs/refs:
total 0
drwxr-xr-x 1 jsun 1049089 0 Jan  7 14:09 ./
drwxr-xr-x 1 jsun 1049089 0 Jan  7 14:09 ../
drwxr-xr-x 1 jsun 1049089 0 Jan  7 14:09 heads/
drwxr-xr-x 1 jsun 1049089 0 Jan  7 14:09 remotes/

./test3/sampleproject/.git/logs/refs/heads:
total 1
drwxr-xr-x 1 jsun 1049089   0 Jan  7 14:09 ./
drwxr-xr-x 1 jsun 1049089   0 Jan  7 14:09 ../
-rw-r--r-- 1 jsun 1049089 175 Jan  7 14:09 master

./test3/sampleproject/.git/logs/refs/remotes:
total 0
drwxr-xr-x 1 jsun 1049089 0 Jan  7 14:09 ./
drwxr-xr-x 1 jsun 1049089 0 Jan  7 14:09 ../
drwxr-xr-x 1 jsun 1049089 0 Jan  7 14:09 origin/

./test3/sampleproject/.git/logs/refs/remotes/origin:
total 1
drwxr-xr-x 1 jsun 1049089   0 Jan  7 14:09 ./
drwxr-xr-x 1 jsun 1049089   0 Jan  7 14:09 ../
-rw-r--r-- 1 jsun 1049089 175 Jan  7 14:09 HEAD

./test3/sampleproject/.git/objects:
total 0
drwxr-xr-x 1 jsun 1049089 0 Jan  7 14:09 ./
drwxr-xr-x 1 jsun 1049089 0 Jan  7 14:29 ../
drwxr-xr-x 1 jsun 1049089 0 Jan  7 14:09 info/
drwxr-xr-x 1 jsun 1049089 0 Jan  7 14:09 pack/

./test3/sampleproject/.git/objects/info:
total 0
drwxr-xr-x 1 jsun 1049089 0 Jan  7 14:09 ./
drwxr-xr-x 1 jsun 1049089 0 Jan  7 14:09 ../

./test3/sampleproject/.git/objects/pack:
total 96
drwxr-xr-x 1 jsun 1049089     0 Jan  7 14:09 ./
drwxr-xr-x 1 jsun 1049089     0 Jan  7 14:09 ../
-r--r--r-- 1 jsun 1049089 10816 Jan  7 14:09 pack-318c38e772cd69856978ab501ebc4aa569f125a3.idx
-r--r--r-- 1 jsun 1049089 84432 Jan  7 14:09 pack-318c38e772cd69856978ab501ebc4aa569f125a3.pack

./test3/sampleproject/.git/refs:
total 0
drwxr-xr-x 1 jsun 1049089 0 Jan  7 14:09 ./
drwxr-xr-x 1 jsun 1049089 0 Jan  7 14:29 ../
drwxr-xr-x 1 jsun 1049089 0 Jan  7 14:09 heads/
drwxr-xr-x 1 jsun 1049089 0 Jan  7 14:09 remotes/
drwxr-xr-x 1 jsun 1049089 0 Jan  7 14:09 tags/

./test3/sampleproject/.git/refs/heads:
total 1
drwxr-xr-x 1 jsun 1049089  0 Jan  7 14:09 ./
drwxr-xr-x 1 jsun 1049089  0 Jan  7 14:09 ../
-rw-r--r-- 1 jsun 1049089 41 Jan  7 14:09 master

./test3/sampleproject/.git/refs/remotes:
total 0
drwxr-xr-x 1 jsun 1049089 0 Jan  7 14:09 ./
drwxr-xr-x 1 jsun 1049089 0 Jan  7 14:09 ../
drwxr-xr-x 1 jsun 1049089 0 Jan  7 14:09 origin/

./test3/sampleproject/.git/refs/remotes/origin:
total 1
drwxr-xr-x 1 jsun 1049089  0 Jan  7 14:09 ./
drwxr-xr-x 1 jsun 1049089  0 Jan  7 14:09 ../
-rw-r--r-- 1 jsun 1049089 32 Jan  7 14:09 HEAD

./test3/sampleproject/.git/refs/tags:
total 0
drwxr-xr-x 1 jsun 1049089 0 Jan  7 14:09 ./
drwxr-xr-x 1 jsun 1049089 0 Jan  7 14:09 ../

./test3/sampleproject/data:
total 1
drwxr-xr-x 1 jsun 1049089 0 Jan  7 14:09 ./
drwxr-xr-x 1 jsun 1049089 0 Jan  7 14:09 ../
-rw-r--r-- 1 jsun 1049089 9 Jan  7 14:09 data_file

./test3/sampleproject/sample:
total 2
drwxr-xr-x 1 jsun 1049089   0 Jan  7 14:09 ./
drwxr-xr-x 1 jsun 1049089   0 Jan  7 14:09 ../
-rw-r--r-- 1 jsun 1049089 116 Jan  7 14:09 __init__.py
-rw-r--r-- 1 jsun 1049089   9 Jan  7 14:09 package_data.dat

./test3/sampleproject/tests:
total 2
drwxr-xr-x 1 jsun 1049089   0 Jan  7 14:09 ./
drwxr-xr-x 1 jsun 1049089   0 Jan  7 14:09 ../
-rw-r--r-- 1 jsun 1049089 211 Jan  7 14:09 __init__.py
-rw-r--r-- 1 jsun 1049089 253 Jan  7 14:09 test_simple.py

jsun@jsun-mbpw10 MINGW64 ~/Documents/git_repo
$ ls -Rl
.:
total 1
-rw-r--r-- 1 jsun 1049089 59 Jan  7 14:18 note.txt
drwxr-xr-x 1 jsun 1049089  0 Jan  7 13:43 test1/
drwxr-xr-x 1 jsun 1049089  0 Jan  7 13:46 test2/
drwxr-xr-x 1 jsun 1049089  0 Jan  7 14:09 test3/

./test1:
total 14
-rw-r--r-- 1 jsun 1049089 1686 Aug 29 18:25 b_file_op1.py
-rw-r--r-- 1 jsun 1049089 1772 Aug 30 13:33 b_file_op2.py
-rw-r--r-- 1 jsun 1049089 1089 Aug 29 13:15 b_file_op3.py
-rw-r--r-- 1 jsun 1049089  669 Aug 29 18:45 b_file_op4.py
-rw-r--r-- 1 jsun 1049089 1673 Nov  7 22:09 b_file_op5.py
-rw-r--r-- 1 jsun 1049089 1733 Aug 30 00:19 b_file_op6.py
-rw-r--r-- 1 jsun 1049089 2704 Aug 30 17:01 b_file_op7.py
drwxr-xr-x 1 jsun 1049089    0 Jan  7 13:43 temp1/

./test1/temp1:
total 0

./test2:
total 14
-rw-r--r-- 1 jsun 1049089 1686 Jan  7 13:45 b_file_op1.py
-rw-r--r-- 1 jsun 1049089 1772 Jan  7 13:45 b_file_op2.py
-rw-r--r-- 1 jsun 1049089 1089 Jan  7 13:45 b_file_op3.py
-rw-r--r-- 1 jsun 1049089  669 Jan  7 13:45 b_file_op4.py
-rw-r--r-- 1 jsun 1049089 1673 Jan  7 13:45 b_file_op5.py
-rw-r--r-- 1 jsun 1049089 1733 Jan  7 13:45 b_file_op6.py
-rw-r--r-- 1 jsun 1049089 2704 Jan  7 13:45 b_file_op7.py

./test3:
total 0
drwxr-xr-x 1 jsun 1049089 0 Jan  7 14:09 sampleproject/

./test3/sampleproject:
total 20
drwxr-xr-x 1 jsun 1049089    0 Jan  7 14:09 data/
-rw-r--r-- 1 jsun 1049089 1100 Jan  7 14:09 LICENSE.txt
-rw-r--r-- 1 jsun 1049089  141 Jan  7 14:09 MANIFEST.in
-rw-r--r-- 1 jsun 1049089 1742 Jan  7 14:09 README.md
drwxr-xr-x 1 jsun 1049089    0 Jan  7 14:09 sample/
-rw-r--r-- 1 jsun 1049089  677 Jan  7 14:09 setup.cfg
-rw-r--r-- 1 jsun 1049089 8501 Jan  7 14:09 setup.py
drwxr-xr-x 1 jsun 1049089    0 Jan  7 14:09 tests/
-rw-r--r-- 1 jsun 1049089 1191 Jan  7 14:09 tox.ini

./test3/sampleproject/data:
total 1
-rw-r--r-- 1 jsun 1049089 9 Jan  7 14:09 data_file

./test3/sampleproject/sample:
total 2
-rw-r--r-- 1 jsun 1049089 116 Jan  7 14:09 __init__.py
-rw-r--r-- 1 jsun 1049089   9 Jan  7 14:09 package_data.dat

./test3/sampleproject/tests:
total 2
-rw-r--r-- 1 jsun 1049089 211 Jan  7 14:09 __init__.py
-rw-r--r-- 1 jsun 1049089 253 Jan  7 14:09 test_simple.py

jsun@jsun-mbpw10 MINGW64 ~/Documents/git_repo
$ git status
fatal: Not a git repository (or any of the parent directories): .git
#--------------------------------------#
jsun@jsun-mbpw10 MINGW64 ~/Documents/git_repo
$ cd test1

jsun@jsun-mbpw10 MINGW64 ~/Documents/git_repo/test1 (master)
$ git status
On branch master

No commits yet

Untracked files:
  (use "git add <file>..." to include in what will be committed)

        b_file_op1.py
        b_file_op2.py
        b_file_op3.py
        b_file_op4.py
        b_file_op5.py
        b_file_op6.py
        b_file_op7.py

nothing added to commit but untracked files present (use "git add" to track)

jsun@jsun-mbpw10 MINGW64 ~/Documents/git_repo/test1 (master)
$ git add b_file_op1.py b_file_op2.py

jsun@jsun-mbpw10 MINGW64 ~/Documents/git_repo/test1 (master)
$ git status
On branch master

No commits yet

Changes to be committed:
  (use "git rm --cached <file>..." to unstage)

        new file:   b_file_op1.py
        new file:   b_file_op2.py

Untracked files:
  (use "git add <file>..." to include in what will be committed)

        b_file_op3.py
        b_file_op4.py
        b_file_op5.py
        b_file_op6.py
        b_file_op7.py


jsun@jsun-mbpw10 MINGW64 ~/Documents/git_repo/test1 (master)
$ git rm --cached b_file_op1.py
rm 'b_file_op1.py'

jsun@jsun-mbpw10 MINGW64 ~/Documents/git_repo/test1 (master)
$ git status
On branch master

No commits yet

Changes to be committed:
  (use "git rm --cached <file>..." to unstage)

        new file:   b_file_op2.py

Untracked files:
  (use "git add <file>..." to include in what will be committed)

        b_file_op1.py
        b_file_op3.py
        b_file_op4.py
        b_file_op5.py
        b_file_op6.py
        b_file_op7.py


jsun@jsun-mbpw10 MINGW64 ~/Documents/git_repo/test1 (master)
$ ls -al
total 14
drwxr-xr-x 1 jsun 1049089    0 Jan  7 13:43 ./
drwxr-xr-x 1 jsun 1049089    0 Jan  7 14:17 ../
drwxr-xr-x 1 jsun 1049089    0 Jan  7 15:46 .git/
-rw-r--r-- 1 jsun 1049089 1686 Aug 29 18:25 b_file_op1.py
-rw-r--r-- 1 jsun 1049089 1772 Aug 30 13:33 b_file_op2.py
-rw-r--r-- 1 jsun 1049089 1089 Aug 29 13:15 b_file_op3.py
-rw-r--r-- 1 jsun 1049089  669 Aug 29 18:45 b_file_op4.py
-rw-r--r-- 1 jsun 1049089 1673 Nov  7 22:09 b_file_op5.py
-rw-r--r-- 1 jsun 1049089 1733 Aug 30 00:19 b_file_op6.py
-rw-r--r-- 1 jsun 1049089 2704 Aug 30 17:01 b_file_op7.py
drwxr-xr-x 1 jsun 1049089    0 Jan  7 13:43 temp1/

jsun@jsun-mbpw10 MINGW64 ~/Documents/git_repo/test1 (master)
$ git rm --cached b_file_op2.py
rm 'b_file_op2.py'
#-------------------------------------------------------------------#
jsun@jsun-mbpw10 MINGW64 ~/Documents/git_repo/test1 (master)
$ git status
On branch master

No commits yet

Untracked files:
  (use "git add <file>..." to include in what will be committed)

        b_file_op1.py
        b_file_op2.py
        b_file_op3.py
        b_file_op4.py
        b_file_op5.py
        b_file_op6.py
        b_file_op7.py

nothing added to commit but untracked files present (use "git add" to track)

jsun@jsun-mbpw10 MINGW64 ~/Documents/git_repo/test1 (master)
$ git add b_file_op1.py

jsun@jsun-mbpw10 MINGW64 ~/Documents/git_repo/test1 (master)
$ git status
On branch master

No commits yet

Changes to be committed:
  (use "git rm --cached <file>..." to unstage)

        new file:   b_file_op1.py

Untracked files:
  (use "git add <file>..." to include in what will be committed)

        b_file_op2.py
        b_file_op3.py
        b_file_op4.py
        b_file_op5.py
        b_file_op6.py
        b_file_op7.py


jsun@jsun-mbpw10 MINGW64 ~/Documents/git_repo/test1 (master)
$ git commit -m "b_file_1 draft1" b_file_op1.py
[master (root-commit) 90b359b] b_file_1 draft1
 1 file changed, 43 insertions(+)
 create mode 100644 b_file_op1.py

jsun@jsun-mbpw10 MINGW64 ~/Documents/git_repo/test1 (master)
$ git status
On branch master
Untracked files:
  (use "git add <file>..." to include in what will be committed)

        b_file_op2.py
        b_file_op3.py
        b_file_op4.py
        b_file_op5.py
        b_file_op6.py
        b_file_op7.py

nothing added to commit but untracked files present (use "git add" to track)



jsun@jsun-mbpw10 MINGW64 ~/Documents/git_repo/test1 (master)
$ ls -al
total 2
drwxr-xr-x 1 jsun 1049089    0 Jan  7 15:56 ./
drwxr-xr-x 1 jsun 1049089    0 Jan  7 14:17 ../
drwxr-xr-x 1 jsun 1049089    0 Jan  7 15:54 .git/
-rw-r--r-- 1 jsun 1049089 1686 Aug 29 18:25 b_file_op1.py
drwxr-xr-x 1 jsun 1049089    0 Jan  7 13:43 temp1/


jsun@jsun-mbpw10 MINGW64 ~/Documents/git_repo/test1 (master)
$ git status
On branch master
nothing to commit, working tree clean

jsun@jsun-mbpw10 MINGW64 ~/Documents/git_repo/test1 (master)
$ git lpg
git: 'lpg' is not a git command. See 'git --help'.

The most similar command is
        log

jsun@jsun-mbpw10 MINGW64 ~/Documents/git_repo/test1 (master)
$ git log
commit 90b359b3c5b1b455113624000e3485f1543c8d94 (HEAD -> master)
Author: brb45 <sunusd@yahoo.com>
Date:   Mon Jan 7 15:54:16 2019 -0800

    b_file_1 draft1

jsun@jsun-mbpw10 MINGW64 ~/Documents/git_repo/test1 (master)
$ git status
On branch master
nothing to commit, working tree clean

jsun@jsun-mbpw10 MINGW64 ~/Documents/git_repo/test1 (master)
$ git status
On branch master
Untracked files:
  (use "git add <file>..." to include in what will be committed)

        b_file_op6.py
        b_file_op7.py

nothing added to commit but untracked files present (use "git add" to track)

jsun@jsun-mbpw10 MINGW64 ~/Documents/git_repo/test1 (master)
$ git status -s
?? b_file_op6.py
?? b_file_op7.py

jsun@jsun-mbpw10 MINGW64 ~/Documents/git_repo/test1 (master)
$ git add b_file_op
b_file_op6.py  b_file_op7.py

jsun@jsun-mbpw10 MINGW64 ~/Documents/git_repo/test1 (master)
$ git add b_file_op6.py

jsun@jsun-mbpw10 MINGW64 ~/Documents/git_repo/test1 (master)
$ git status
On branch master
Changes to be committed:
  (use "git reset HEAD <file>..." to unstage)

        new file:   b_file_op6.py

Untracked files:
  (use "git add <file>..." to include in what will be committed)

        b_file_op7.py


jsun@jsun-mbpw10 MINGW64 ~/Documents/git_repo/test1 (master)
$ clear


jsun@jsun-mbpw10 MINGW64 ~/Documents/git_repo/test1 (master)
$ git status -s
A  b_file_op6.py
?? b_file_op7.py

jsun@jsun-mbpw10 MINGW64 ~/Documents/git_repo/test1 (master)
$ git commit -m "b_file_op6, first draft" b_file_op6.py
[master 214878c] b_file_op6, first draft
 1 file changed, 60 insertions(+)
 create mode 100644 b_file_op6.py

jsun@jsun-mbpw10 MINGW64 ~/Documents/git_repo/test1 (master)
$ git status -s
?? b_file_op7.py

jsun@jsun-mbpw10 MINGW64 ~/Documents/git_repo/test1 (master)
$ vi b_file_op6.py

jsun@jsun-mbpw10 MINGW64 ~/Documents/git_repo/test1 (master)
$ clear


jsun@jsun-mbpw10 MINGW64 ~/Documents/git_repo/test1 (master)
$ git status -s
 M b_file_op6.py
?? b_file_op7.py

jsun@jsun-mbpw10 MINGW64 ~/Documents/git_repo/test1 (master)
$ git status
On branch master
Changes not staged for commit:
  (use "git add <file>..." to update what will be committed)
  (use "git checkout -- <file>..." to discard changes in working directory)

        modified:   b_file_op6.py

Untracked files:
  (use "git add <file>..." to include in what will be committed)

        b_file_op7.py

no changes added to commit (use "git add" and/or "git commit -a")

jsun@jsun-mbpw10 MINGW64 ~/Documents/git_repo/test1 (master)
$ git commit b_file_op6.py
[master 6cd9c40] Second Draft
 1 file changed, 1 insertion(+)

jsun@jsun-mbpw10 MINGW64 ~/Documents/git_repo/test1 (master)
$ clear


jsun@jsun-mbpw10 MINGW64 ~/Documents/git_repo/test1 (master)
$ git status -s
?? b_file_op7.py

jsun@jsun-mbpw10 MINGW64 ~/Documents/git_repo/test1 (master)
$ git status
On branch master
Untracked files:
  (use "git add <file>..." to include in what will be committed)

        b_file_op7.py

nothing added to commit but untracked files present (use "git add" to track)

jsun@jsun-mbpw10 MINGW64 ~/Documents/git_repo/test1 (master)
$ git log
commit 6cd9c40bdc5cbc5f2774df158a96fa9d065a28f9 (HEAD -> master)
Author: brb45 <sunusd@yahoo.com>
Date:   Mon Jan 7 16:40:56 2019 -0800

    Second Draft

commit 214878c64810e4d27a58ac5d31040f9113d20a37
Author: brb45 <sunusd@yahoo.com>
Date:   Mon Jan 7 16:39:12 2019 -0800

    b_file_op6, first draft

commit 90b359b3c5b1b455113624000e3485f1543c8d94
Author: brb45 <sunusd@yahoo.com>
Date:   Mon Jan 7 15:54:16 2019 -0800

    b_file_1 draft1

jsun@jsun-mbpw10 MINGW64 ~/Documents/git_repo/test1 (master)
$ vi b_file_op6.py

jsun@jsun-mbpw10 MINGW64 ~/Documents/git_repo/test1 (master)
$ clear


jsun@jsun-mbpw10 MINGW64 ~/Documents/git_repo/test1 (master)
$ git status -s
 M b_file_op6.py
?? b_file_op7.py

jsun@jsun-mbpw10 MINGW64 ~/Documents/git_repo/test1 (master)
$ git add b_file_op6.py

jsun@jsun-mbpw10 MINGW64 ~/Documents/git_repo/test1 (master)
$ git status -s
M  b_file_op6.py
?? b_file_op7.py

jsun@jsun-mbpw10 MINGW64 ~/Documents/git_repo/test1 (master)
$ git commit -m "Third commit" b_file_op6.py
[master 9c3a826] Third commit
 1 file changed, 1 insertion(+)

jsun@jsun-mbpw10 MINGW64 ~/Documents/git_repo/test1 (master)
$ git status -s
?? b_file_op7.py

jsun@jsun-mbpw10 MINGW64 ~/Documents/git_repo/test1 (master)
$ git status -s
?? b_file_op5.py
?? b_file_op7.py

jsun@jsun-mbpw10 MINGW64 ~/Documents/git_repo/test1 (master)
$ git add b_file_op5.py

jsun@jsun-mbpw10 MINGW64 ~/Documents/git_repo/test1 (master)
$ git status -s
A  b_file_op5.py
?? b_file_op7.py

jsun@jsun-mbpw10 MINGW64 ~/Documents/git_repo/test1 (master)
$ vi b_file_op5.py

jsun@jsun-mbpw10 MINGW64 ~/Documents/git_repo/test1 (master)
$ git status -s
AM b_file_op5.py
?? b_file_op7.py

jsun@jsun-mbpw10 MINGW64 ~/Documents/git_repo/test1 (master)
$ git add b_file_op5.py

jsun@jsun-mbpw10 MINGW64 ~/Documents/git_repo/test1 (master)
$ git status -s
A  b_file_op5.py
?? b_file_op7.py

##
jsun@jsun-mbpw10 MINGW64 ~/Documents/git_repo
$ cd test4

jsun@jsun-mbpw10 MINGW64 ~/Documents/git_repo/test4 (master)
$ ls
1.txt  2.txt  3  4.txt  txt

jsun@jsun-mbpw10 MINGW64 ~/Documents/git_repo/test4 (master)
$ clear


jsun@jsun-mbpw10 MINGW64 ~/Documents/git_repo/test4 (master)
$ ls
1.txt  2.txt  3  4.txt  txt

jsun@jsun-mbpw10 MINGW64 ~/Documents/git_repo/test4 (master)
$ git add 1.txt

jsun@jsun-mbpw10 MINGW64 ~/Documents/git_repo/test4 (master)
$ git status -s
A  1.txt
?? 2.txt
?? 3
?? 4.txt
?? txt

jsun@jsun-mbpw10 MINGW64 ~/Documents/git_repo/test4 (master)
$ git rm 1.txt
error: the following file has changes staged in the index:
    1.txt
(use --cached to keep the file, or -f to force removal)

jsun@jsun-mbpw10 MINGW64 ~/Documents/git_repo/test4 (master)
$ git rm --cached 1.txt
rm '1.txt'

jsun@jsun-mbpw10 MINGW64 ~/Documents/git_repo/test4 (master)
$ git status -s
?? 1.txt
?? 2.txt
?? 3
?? 4.txt
?? txt

jsun@jsun-mbpw10 MINGW64 ~/Documents/git_repo/test4 (master)
$ git add 1.txt

jsun@jsun-mbpw10 MINGW64 ~/Documents/git_repo/test4 (master)
$ git commit -m "First Draft" 1.txt
[master (root-commit) 815daf7] First Draft
 1 file changed, 0 insertions(+), 0 deletions(-)
 create mode 100644 1.txt

jsun@jsun-mbpw10 MINGW64 ~/Documents/git_repo/test4 (master)
$ git rm 1.txt
rm '1.txt'

jsun@jsun-mbpw10 MINGW64 ~/Documents/git_repo/test4 (master)
$ git status -s
D  1.txt
?? 2.txt
?? 3
?? 4.txt
?? txt

jsun@jsun-mbpw10 MINGW64 ~/Documents/git_repo/test4 (master)
$ git rm --cached 1
fatal: pathspec '1' did not match any files

jsun@jsun-mbpw10 MINGW64 ~/Documents/git_repo/test4 (master)
$ git rm --cached 1.txt
fatal: pathspec '1.txt' did not match any files

jsun@jsun-mbpw10 MINGW64 ~/Documents/git_repo/test4 (master)
$ git add 1.txt
fatal: pathspec '1.txt' did not match any files

jsun@jsun-mbpw10 MINGW64 ~/Documents/git_repo/test4 (master)
$ ls
2.txt  3  4.txt  txt

jsun@jsun-mbpw10 MINGW64 ~/Documents/git_repo/test4 (master)
$ git add 2.txt

jsun@jsun-mbpw10 MINGW64 ~/Documents/git_repo/test4 (master)
$ git commit -m "First"
[master 5134d16] First
 1 file changed, 0 insertions(+), 0 deletions(-)
 rename 1.txt => 2.txt (100%)

jsun@jsun-mbpw10 MINGW64 ~/Documents/git_repo/test4 (master)
$ git status -s
?? 3
?? 4.txt
?? txt

jsun@jsun-mbpw10 MINGW64 ~/Documents/git_repo/test4 (master)
$ vi 2.txt

jsun@jsun-mbpw10 MINGW64 ~/Documents/git_repo/test4 (master)
$ git status -s
 M 2.txt
?? 3
?? 4.txt
?? txt

jsun@jsun-mbpw10 MINGW64 ~/Documents/git_repo/test4 (master)
$ git commit -m "second"
On branch master
Changes not staged for commit:
        modified:   2.txt

Untracked files:
        3
        4.txt
        txt

no changes added to commit

jsun@jsun-mbpw10 MINGW64 ~/Documents/git_repo/test4 (master)
$ git status -s
 M 2.txt
?? 3
?? 4.txt
?? txt

jsun@jsun-mbpw10 MINGW64 ~/Documents/git_repo/test4 (master)
$ git commit -am "Second"
warning: LF will be replaced by CRLF in 2.txt.
The file will have its original line endings in your working directory.
[master 2115bad] Second
 1 file changed, 2 insertions(+)

jsun@jsun-mbpw10 MINGW64 ~/Documents/git_repo/test4 (master)
$ git status -s
?? 3
?? 4.txt
?? txt

##


jsun@jsun-mbpw10 MINGW64 ~/Documents/git_repo/test5 (master)
$ git status -s
?? 3
?? 4.txt
?? txt

jsun@jsun-mbpw10 MINGW64 ~/Documents/git_repo/test5 (master)
$ git add .

jsun@jsun-mbpw10 MINGW64 ~/Documents/git_repo/test5 (master)
$ git status -s
A  3
A  4.txt
A  txt

$ git commit -m "All files committed"
[master e033c2e] All files committed
 3 files changed, 0 insertions(+), 0 deletions(-)
 create mode 100644 3
 create mode 100644 4.txt
 create mode 100644 txt

jsun@jsun-mbpw10 MINGW64 ~/Documents/git_repo/test5 (master)
$ rm 3

jsun@jsun-mbpw10 MINGW64 ~/Documents/git_repo/test5 (master)
$ rm txt

jsun@jsun-mbpw10 MINGW64 ~/Documents/git_repo/test5 (master)
$ ls
2.txt  4.txt

jsun@jsun-mbpw10 MINGW64 ~/Documents/git_repo/test5 (master)
$ git status -s
 D 3
 D txt

$ git commit -am "Second Line" 3.txt
warning: LF will be replaced by CRLF in 2.txt.
The file will have its original line endings in your working directory.
[master dc00991] Second Line
 3 files changed, 2 insertions(+)
 delete mode 100644 3
 delete mode 100644 txt

jsun@jsun-mbpw10 MINGW64 ~/Documents/git_repo/test5 (master)
$ git status
On branch master
nothing to commit, working tree clean

jsun@jsun-mbpw10 MINGW64 ~/Documents/git_repo/test5 (master)
$ git status -s

jsun@jsun-mbpw10 MINGW64 ~/Documents/Py_projects (master)
$ git add .
warning: adding embedded git repository: practical-docker-with-python
hint: You've added another git repository inside your current repository.
hint: Clones of the outer repository will not contain the contents of
hint: the embedded repository and will not know how to obtain it.
hint: If you meant to add a submodule, use:
hint:
hint:   git submodule add <url> practical-docker-with-python
hint:
hint: If you added this path by mistake, you can remove it from the
hint: index with:
hint:
hint:   git rm --cached practical-docker-with-python
hint:
hint: See "git help submodule" for more information.
############################################################################################


#####
######9.
#Shell Script

######@@10. REST
REST representations are how a resource�s data is displayed to whoever 
makes a request at a specific endpoint.
Generally, these features are displayed in JSON format (may have other formats). 
Basically, all the data in your models, after serialized, is represented 
as JSON objects on return of the request


#list of json object,
The two primary parts that make up JSON are keys and values. Together they make a key/value pair.

Key: A key is always a string enclosed in quotation marks.
Value: A value can be a string, number, boolean expression, array, or object.
Key/Value Pair: A key value pair follows a specific syntax, with the key followed
 by a colon followed by the value. Key/value pairs are comma separated.
# json object, enclosed with {}
# array of json 2 objects
family = [{
    "name" : "Jason",
    "age" : "24",
    "gender" : "male"
},
{
    "name" : "Kyle",
    "age" : "21",
    "gender" : "male"
}];

#nest json objects
testtest={
    "jason" : {
        "name" : "Jason Lengstorf",
        "age" : "24",
        "gender" : "male"
    },
    "kyle" : {
        "name" : "Kyle Lengstorf",
        "age" : "21",
        "gender" : "male"
    }
}
{
  "squadName": "Super hero squad",
  "homeTown": "Metro City",
  "formed": 2016,
  "secretBase": "Super tower",
  "active": true,
  "members": [
    {
      "name": "Molecule Man",
      "age": 29,
      "secretIdentity": "Dan Jukes",
      "powers": [
        "Radiation resistance",
        "Turning tiny",
        "Radiation blast"
      ]
    },
    {
      "name": "Madame Uppercut",
      "age": 39,
      "secretIdentity": "Jane Wilson",
      "powers": [
        "Million tonne punch",
        "Damage resistance",
        "Superhuman reflexes"
      ]
    },
    {
      "name": "Eternal Flame",
      "age": 1000000,
      "secretIdentity": "Unknown",
      "powers": [
        "Immortality",
        "Heat Immunity",
        "Inferno",
        "Teleportation",
        "Interdimensional travel"
      ]
    }
  ]
}
####@@ Docker AWS
@@Dokcer
Docker Compose: This allows you to orchestrate and run multi-container environments both locally and on Docker Swarm clusters
Git: This is required to fork and clone the sample application from GitHub and create your own Git repositories for the various applications and environments you will create in this book
GNU Make 3.82 or higher: This provides task automation, allowing you run simple commands (for example, make test) to execute a given task
jq: A command-line utility for parsing JSON
curl: A command-line HTTP client
tree: A command-line client for displaying folder structures in the shell
Python interpreter: This is required for Docker Compose and the AWS Command-Line Interface (CLI) tool that we will install in a later chapter
pip: A Python package manager for installing Python applications such as the AWS CLI

## Remove old Docker

## Application
## Install Dependency
pip3 install -r requirements.txt --user

##
# retrive souce code of a webpage
src> curl localhost:8000
{"todos":"http://localhost:8000/todos"}

## -o
# save output to a file
curl -o vue-v2.5.16.js https://cdn.jsdelivr.net/npm/vue/dist/vue.js
# Uppercase -O will save the file with its original filename:
curl -O https://cdn.jsdelivr.net/npm/vue/dist/vue.js

##
The -I option allows you to fetch only the HTTP headers, no content 
of the specified resource:
curl -I https://www.ubuntu.com

## include header: -i and content
curl -i https://www.ubuntu.com

## -L follow redirect
 curl -L google.com

## -X
curl -X GET http://example.com -I

## -X GET. The -X signifies the method used for the request. 
Common options are GET, POST, DELETE, PUT.

## -H : submit the request header
## -d : data

curl -X POST -H "Content-Type: application/json" localhost:8000/todos \
       -d '{"title": "Wash the car", "order": 2}'
#Linux version
curl -X POST -H "Content-Type: application/json" localhost:8000/api/articles/ -d '{"title": "Run Post Test", "description": "First Trial", "body": "Running 2 tests", "author_id": 11}'
#windows version
curl -X POST -H "Content-Type: application/json" localhost:8000/api/subscriber -d "{\"name\": \"4378 Station\", \"age\": 2, \"email\": \"4378@litepoint.com\"}"      
## 
curl -s localhost:8000/todos | jq

## curl -X PATCH -H "Content-Type: application/json" localhost:8000/todos/1 \
    -d '{"completed": true}'

## curl -X POST -H "Content-Type: application/json" localhost:8000/todos \
    -d '{"title": "Walk the dog", "completed": false, "order": 1}'
[
  {
    "url": "http://localhost:8000/todos/1",
    "title": "Wash the car",
    "completed": true,
    "order": 2
  },
  {
    "url": "http://localhost:8000/todos/2",
    "title": "Walk the dog",
    "completed": false,
    "order": 1
  }
]

##
$ python3 manage.py test --settings todobackend.settings_test

ssqa@ssqa:~/Documents/Docker_AWS/proj_1/todobackend/src$ python3 manage.py test --settings todobackend.settings_test

@@ Build applications with Docker








